// Jest Snapshot v1, https://goo.gl/fbAQLP

exports[`ArtificialIntelligenceController on files selection changed should calculate risk profile for not excluded files only 1`] = `
Object {
  "highRisk": 50,
  "lowRisk": 27,
  "moderateRisk": 23,
  "veryHighRisk": 0,
}
`;

exports[`ArtificialIntelligenceController on files selection changed should clear and calculate risk profile for Java map 1`] = `
Object {
  "highRisk": 37,
  "lowRisk": 46,
  "moderateRisk": 17,
  "veryHighRisk": 0,
}
`;

exports[`ArtificialIntelligenceController on files selection changed should create custom config suggestions sorted by outlierCustomConfigId 1`] = `
Array [
  Object {
    "from": 365,
    "generalCustomConfigId": "mocked",
    "max": 0,
    "metric": "loc",
    "min": 0,
    "outlierCustomConfigId": "mocked",
    "to": 554,
  },
  Object {
    "from": 29,
    "generalCustomConfigId": "mocked",
    "max": 0,
    "metric": "functions",
    "min": 0,
    "outlierCustomConfigId": "mocked",
    "to": 44,
  },
  Object {
    "from": 48,
    "generalCustomConfigId": "mocked",
    "max": 0,
    "metric": "mcc",
    "min": 0,
    "to": 71,
  },
]
`;

exports[`ArtificialIntelligenceController on files selection changed should create custom config suggestions sorted by outlierCustomConfigId 2`] = `
Array [
  "rloc (real lines of code)",
]
`;
