// Jest Snapshot v1, https://goo.gl/fbAQLP

exports[`settingService getDefaultSettings should match snapshot 1`] = `
Object {
  "appSettings": Object {
    "amountOfTopLabels": 1,
    "camera": Vector3 {
      "x": 0,
      "y": 300,
      "z": 1000,
    },
    "deltaColorFlipped": false,
    "dynamicMargin": true,
    "enableEdgeArrows": true,
    "hideFlatBuildings": true,
    "invertHeight": false,
    "isWhiteBackground": false,
    "mapColors": Object {
      "angularGreen": "#00BFA5",
      "base": "#666666",
      "defaultC": "#89ACB4",
      "flat": "#AAAAAA",
      "lightGrey": "#DDDDDD",
      "markingColors": Array [
        "#FF1D8E",
        "#1d8eff",
        "#1DFFFF",
        "#8eff1d",
        "#8e1dff",
        "#FFFF1D",
      ],
      "negative": "#820E0E",
      "negativeDelta": "#ff0E0E",
      "neutral": "#ddcc00",
      "positive": "#69AE40",
      "positiveDelta": "#69FF40",
      "selected": "#EB8319",
    },
    "maximizeDetailPanel": false,
    "scaling": Vector3 {
      "x": 1,
      "y": 1,
      "z": 1,
    },
    "whiteColorBuildings": false,
  },
  "dynamicSettings": Object {
    "areaMetric": null,
    "colorMetric": null,
    "focusedNodePath": "",
    "heightMetric": null,
    "margin": null,
    "neutralColorRange": Object {
      "flipped": false,
      "from": null,
      "to": null,
    },
    "searchPattern": "",
    "searchedNodePaths": Array [],
  },
  "fileSettings": Object {
    "attributeTypes": Object {},
    "blacklist": Array [],
    "edges": Array [],
    "markedPackages": Array [],
  },
  "treeMapSettings": Object {
    "mapSize": 500,
  },
}
`;
