// Jest Snapshot v1, https://goo.gl/fbAQLP

exports[`ThreeOrbitControlsService rotateCameraInVectorDirection  1`] = `
Vector3 {
  "x": 0,
  "y": -1.855914808404301,
  "z": 0.00018559148084032714,
}
`;
