// Jest Snapshot v1, https://goo.gl/fbAQLP

exports[`codeMapRenderService getSortedNodes should get sorted Nodes as array 1`] = `
Array [
  Object {
    "attributes": Object {
      "unary": 1,
    },
    "color": "#666666",
    "deltas": undefined,
    "depth": 0,
    "edgeAttributes": Object {},
    "flat": false,
    "height": 2,
    "heightDelta": 0,
    "id": 0,
    "incomingEdgePoint": Vector3 {
      "x": 117.57550765359252,
      "y": 2,
      "z": -66.21224617320374,
    },
    "isLeaf": false,
    "length": 735.151015307185,
    "link": undefined,
    "markingColor": undefined,
    "name": "root",
    "outgoingEdgePoint": Vector3 {
      "x": 117.57550765359252,
      "y": 2,
      "z": 301.3632614803888,
    },
    "path": "/root",
    "visible": true,
    "width": 735.151015307185,
    "x0": 0,
    "y0": 0,
    "z0": 0,
  },
  Object {
    "attributes": Object {
      "functions": 10,
      "mcc": 1,
      "rloc": 100,
      "unary": 1,
    },
    "color": "#DDDDDD",
    "deltas": undefined,
    "depth": 1,
    "edgeAttributes": Object {},
    "flat": false,
    "height": 2,
    "heightDelta": 0,
    "id": 1,
    "incomingEdgePoint": Vector3 {
      "x": -56.61224617320377,
      "y": 4,
      "z": -61.412246173203755,
    },
    "isLeaf": true,
    "length": 338.7755076535925,
    "link": "http://www.google.de",
    "markingColor": undefined,
    "name": "big leaf",
    "outgoingEdgePoint": Vector3 {
      "x": 291.76326148038873,
      "y": 4,
      "z": -61.412246173203755,
    },
    "path": "/root/big leaf",
    "visible": true,
    "width": 696.751015307185,
    "x0": 19.200000000000003,
    "y0": 19.200000000000003,
    "z0": 2,
  },
  Object {
    "attributes": Object {
      "unary": 1,
    },
    "color": "#666666",
    "deltas": undefined,
    "depth": 1,
    "edgeAttributes": Object {},
    "flat": false,
    "height": 2,
    "heightDelta": 0,
    "id": 2,
    "incomingEdgePoint": Vector3 {
      "x": -56.61224617320377,
      "y": 4,
      "z": 296.56326148038875,
    },
    "isLeaf": false,
    "length": 338.77550765359246,
    "link": undefined,
    "markingColor": undefined,
    "name": "Parent Leaf",
    "outgoingEdgePoint": Vector3 {
      "x": 291.76326148038873,
      "y": 4,
      "z": 296.56326148038875,
    },
    "path": "/root/Parent Leaf",
    "visible": true,
    "width": 696.751015307185,
    "x0": 19.200000000000003,
    "y0": 377.17550765359255,
    "z0": 2,
  },
  Object {
    "attributes": Object {
      "functions": 100,
      "mcc": 100,
      "rloc": 30,
      "unary": 1,
    },
    "color": "#820E0E",
    "deltas": undefined,
    "depth": 2,
    "edgeAttributes": Object {},
    "flat": false,
    "height": 2,
    "heightDelta": 0,
    "id": 3,
    "incomingEdgePoint": Vector3 {
      "x": -119.56734770392222,
      "y": 6,
      "z": 221.4693845669907,
    },
    "isLeaf": true,
    "length": 300.37550765359236,
    "link": undefined,
    "markingColor": undefined,
    "name": "small leaf",
    "outgoingEdgePoint": Vector3 {
      "x": -119.56734770392222,
      "y": 6,
      "z": 371.65713839378685,
    },
    "path": "/root/Parent Leaf/small leaf",
    "visible": true,
    "width": 184.06530459215554,
    "x0": 38.400000000000006,
    "y0": 396.3755076535926,
    "z0": 4,
  },
  Object {
    "attributes": Object {
      "functions": 1000,
      "mcc": 10,
      "rloc": 70,
      "unary": 1,
    },
    "color": "#DDDDDD",
    "deltas": undefined,
    "depth": 2,
    "edgeAttributes": Object {},
    "flat": false,
    "height": 2,
    "heightDelta": 0,
    "id": 4,
    "incomingEdgePoint": Vector3 {
      "x": 105.4367322709129,
      "y": 6,
      "z": 296.56326148038875,
    },
    "isLeaf": true,
    "length": 300.37550765359236,
    "link": undefined,
    "markingColor": undefined,
    "name": "other small leaf",
    "outgoingEdgePoint": Vector3 {
      "x": 332.97958762842757,
      "y": 6,
      "z": 296.56326148038875,
    },
    "path": "/root/Parent Leaf/other small leaf",
    "visible": true,
    "width": 455.08571071502945,
    "x0": 241.66530459215554,
    "y0": 396.3755076535926,
    "z0": 4,
  },
]
`;
