// Jest Snapshot v1, https://goo.gl/fbAQLP

exports[`fileDownloader downloadCurrentMap should 1`] = `undefined`;
