// Jest Snapshot v1, https://goo.gl/fbAQLP

exports[`CreateSvgGeometryStrategy should create geometry from SVG and apply transformations 1`] = `
{
  "normal": {
    "array": [
      -1.2246468525851679e-16,
      0,
      1,
      -1.2246468525851679e-16,
      0,
      1,
      -1.2246468525851679e-16,
      0,
      1,
      -1.2246468525851679e-16,
      0,
      1,
      -1.2246468525851679e-16,
      0,
      1,
      -1.2246468525851679e-16,
      0,
      1,
      1.2246468525851679e-16,
      0,
      -1,
      1.2246468525851679e-16,
      0,
      -1,
      1.2246468525851679e-16,
      0,
      -1,
      1.2246468525851679e-16,
      0,
      -1,
      1.2246468525851679e-16,
      0,
      -1,
      1.2246468525851679e-16,
      0,
      -1,
      1,
      1.2246468525851679e-16,
      1.2246468525851679e-16,
      1,
      1.2246468525851679e-16,
      1.2246468525851679e-16,
      1,
      1.2246468525851679e-16,
      1.2246468525851679e-16,
      1,
      1.2246468525851679e-16,
      1.2246468525851679e-16,
      1,
      1.2246468525851679e-16,
      1.2246468525851679e-16,
      1,
      1.2246468525851679e-16,
      1.2246468525851679e-16,
      1.2246468525851679e-16,
      -1,
      1.499759904157988e-32,
      1.2246468525851679e-16,
      -1,
      1.499759904157988e-32,
      1.2246468525851679e-16,
      -1,
      1.499759904157988e-32,
      1.2246468525851679e-16,
      -1,
      1.499759904157988e-32,
      1.2246468525851679e-16,
      -1,
      1.499759904157988e-32,
      1.2246468525851679e-16,
      -1,
      1.499759904157988e-32,
      -1,
      -1.2246468525851679e-16,
      -1.2246468525851679e-16,
      -1,
      -1.2246468525851679e-16,
      -1.2246468525851679e-16,
      -1,
      -1.2246468525851679e-16,
      -1.2246468525851679e-16,
      -1,
      -1.2246468525851679e-16,
      -1.2246468525851679e-16,
      -1,
      -1.2246468525851679e-16,
      -1.2246468525851679e-16,
      -1,
      -1.2246468525851679e-16,
      -1.2246468525851679e-16,
      -1.2246468525851679e-16,
      1,
      -1.499759904157988e-32,
      -1.2246468525851679e-16,
      1,
      -1.499759904157988e-32,
      -1.2246468525851679e-16,
      1,
      -1.499759904157988e-32,
      -1.2246468525851679e-16,
      1,
      -1.499759904157988e-32,
      -1.2246468525851679e-16,
      1,
      -1.499759904157988e-32,
      -1.2246468525851679e-16,
      1,
      -1.499759904157988e-32,
    ],
    "itemSize": 3,
    "normalized": false,
    "type": "Float32Array",
  },
  "position": {
    "array": [
      50,
      50,
      5,
      -50,
      50,
      5,
      -50,
      -50,
      5,
      -50,
      -50,
      5,
      50,
      -50,
      5,
      50,
      50,
      5,
      -50,
      -50,
      -5,
      -50,
      50,
      -5,
      50,
      50,
      -5,
      50,
      50,
      -5,
      50,
      -50,
      -5,
      -50,
      -50,
      -5,
      50,
      50,
      5,
      50,
      -50,
      5,
      50,
      50,
      -5,
      50,
      -50,
      5,
      50,
      -50,
      -5,
      50,
      50,
      -5,
      50,
      -50,
      5,
      -50,
      -50,
      5,
      50,
      -50,
      -5,
      -50,
      -50,
      5,
      -50,
      -50,
      -5,
      50,
      -50,
      -5,
      -50,
      -50,
      5,
      -50,
      50,
      5,
      -50,
      -50,
      -5,
      -50,
      50,
      5,
      -50,
      50,
      -5,
      -50,
      -50,
      -5,
      -50,
      50,
      5,
      50,
      50,
      5,
      -50,
      50,
      -5,
      50,
      50,
      5,
      50,
      50,
      -5,
      -50,
      50,
      -5,
    ],
    "itemSize": 3,
    "normalized": false,
    "type": "Float32Array",
  },
  "uv": {
    "array": [
      90,
      10,
      10,
      10,
      10,
      90,
      10,
      90,
      90,
      90,
      90,
      10,
      10,
      90,
      10,
      10,
      90,
      10,
      90,
      10,
      90,
      90,
      10,
      90,
      10,
      1,
      90,
      1,
      10,
      -9,
      90,
      1,
      90,
      -9,
      10,
      -9,
      90,
      1,
      10,
      1,
      90,
      -9,
      10,
      1,
      10,
      -9,
      90,
      -9,
      90,
      1,
      10,
      1,
      90,
      -9,
      10,
      1,
      10,
      -9,
      90,
      -9,
      10,
      1,
      90,
      1,
      10,
      -9,
      90,
      1,
      90,
      -9,
      10,
      -9,
    ],
    "itemSize": 2,
    "normalized": false,
    "type": "Float32Array",
  },
}
`;

exports[`CreateSvgGeometryStrategy should create geometry from SVG and apply transformations for back side 1`] = `
{
  "normal": {
    "array": [
      -0,
      0,
      -1,
      -0,
      0,
      -1,
      -0,
      0,
      -1,
      0,
      0,
      -1,
      0,
      0,
      -1,
      0,
      0,
      -1,
      0,
      0,
      1,
      0,
      0,
      1,
      0,
      0,
      1,
      0,
      0,
      1,
      0,
      0,
      1,
      0,
      0,
      1,
      -1,
      1.2246468525851679e-16,
      0,
      -1,
      1.2246468525851679e-16,
      0,
      -1,
      1.2246468525851679e-16,
      0,
      -1,
      1.2246468525851679e-16,
      0,
      -1,
      1.2246468525851679e-16,
      0,
      -1,
      1.2246468525851679e-16,
      0,
      -1.2246468525851679e-16,
      -1,
      0,
      -1.2246468525851679e-16,
      -1,
      0,
      -1.2246468525851679e-16,
      -1,
      0,
      -1.2246468525851679e-16,
      -1,
      0,
      -1.2246468525851679e-16,
      -1,
      0,
      -1.2246468525851679e-16,
      -1,
      0,
      1,
      -1.2246468525851679e-16,
      0,
      1,
      -1.2246468525851679e-16,
      0,
      1,
      -1.2246468525851679e-16,
      0,
      1,
      -1.2246468525851679e-16,
      0,
      1,
      -1.2246468525851679e-16,
      0,
      1,
      -1.2246468525851679e-16,
      0,
      1.2246468525851679e-16,
      1,
      0,
      1.2246468525851679e-16,
      1,
      0,
      1.2246468525851679e-16,
      1,
      0,
      1.2246468525851679e-16,
      1,
      -0,
      1.2246468525851679e-16,
      1,
      -0,
      1.2246468525851679e-16,
      1,
      -0,
    ],
    "itemSize": 3,
    "normalized": false,
    "type": "Float32Array",
  },
  "position": {
    "array": [
      -50,
      50,
      -5,
      50,
      50,
      -5,
      50,
      -50,
      -5,
      50,
      -50,
      -5,
      -50,
      -50,
      -5,
      -50,
      50,
      -5,
      50,
      -50,
      5,
      50,
      50,
      5,
      -50,
      50,
      5,
      -50,
      50,
      5,
      -50,
      -50,
      5,
      50,
      -50,
      5,
      -50,
      50,
      -5,
      -50,
      -50,
      -5,
      -50,
      50,
      5,
      -50,
      -50,
      -5,
      -50,
      -50,
      5,
      -50,
      50,
      5,
      -50,
      -50,
      -5,
      50,
      -50,
      -5,
      -50,
      -50,
      5,
      50,
      -50,
      -5,
      50,
      -50,
      5,
      -50,
      -50,
      5,
      50,
      -50,
      -5,
      50,
      50,
      -5,
      50,
      -50,
      5,
      50,
      50,
      -5,
      50,
      50,
      5,
      50,
      -50,
      5,
      50,
      50,
      -5,
      -50,
      50,
      -5,
      50,
      50,
      5,
      -50,
      50,
      -5,
      -50,
      50,
      5,
      50,
      50,
      5,
    ],
    "itemSize": 3,
    "normalized": false,
    "type": "Float32Array",
  },
  "uv": {
    "array": [
      90,
      10,
      10,
      10,
      10,
      90,
      10,
      90,
      90,
      90,
      90,
      10,
      10,
      90,
      10,
      10,
      90,
      10,
      90,
      10,
      90,
      90,
      10,
      90,
      10,
      1,
      90,
      1,
      10,
      -9,
      90,
      1,
      90,
      -9,
      10,
      -9,
      90,
      1,
      10,
      1,
      90,
      -9,
      10,
      1,
      10,
      -9,
      90,
      -9,
      90,
      1,
      10,
      1,
      90,
      -9,
      10,
      1,
      10,
      -9,
      90,
      -9,
      10,
      1,
      90,
      1,
      10,
      -9,
      90,
      1,
      90,
      -9,
      10,
      -9,
    ],
    "itemSize": 2,
    "normalized": false,
    "type": "Float32Array",
  },
}
`;
