// Jest Snapshot v1, https://goo.gl/fbAQLP

exports[`TreeMapHelper build node deltas 1`] = `
Object {
  "attributes": Object {
    "theHeight": 100,
  },
  "color": "#666666",
  "deltas": Object {
    "theHeight": 33,
  },
  "depth": 1,
  "edgeAttributes": undefined,
  "flat": false,
  "height": 100,
  "heightDelta": 33,
  "id": undefined,
  "incomingEdgePoint": Vector3 {
    "x": 199,
    "y": 102,
    "z": 99,
  },
  "isLeaf": true,
  "length": 400,
  "link": undefined,
  "mapNodeDepth": undefined,
  "markingColor": undefined,
  "name": "Anode",
  "outgoingEdgePoint": Vector3 {
    "x": 199,
    "y": 102,
    "z": 299,
  },
  "path": "/root/Anode",
  "visible": true,
  "width": 400,
  "x0": 0,
  "y0": 0,
  "z0": 2,
}
`;

exports[`TreeMapHelper build node invertHeight 1`] = `
Object {
  "attributes": Object {
    "theHeight": 100,
  },
  "color": "#666666",
  "deltas": undefined,
  "depth": 1,
  "edgeAttributes": undefined,
  "flat": false,
  "height": 1900,
  "heightDelta": 0,
  "id": undefined,
  "incomingEdgePoint": Vector3 {
    "x": 199,
    "y": 1902,
    "z": 99,
  },
  "isLeaf": true,
  "length": 400,
  "link": undefined,
  "mapNodeDepth": undefined,
  "markingColor": undefined,
  "name": "Anode",
  "outgoingEdgePoint": Vector3 {
    "x": 199,
    "y": 1902,
    "z": 299,
  },
  "path": "/root/Anode",
  "visible": true,
  "width": 400,
  "x0": 0,
  "y0": 0,
  "z0": 2,
}
`;

exports[`TreeMapHelper build node minimal 1`] = `
Object {
  "attributes": Object {
    "theHeight": 100,
  },
  "color": "#666666",
  "deltas": undefined,
  "depth": 1,
  "edgeAttributes": undefined,
  "flat": false,
  "height": 100,
  "heightDelta": 0,
  "id": undefined,
  "incomingEdgePoint": Vector3 {
    "x": 199,
    "y": 102,
    "z": 99,
  },
  "isLeaf": true,
  "length": 400,
  "link": undefined,
  "mapNodeDepth": undefined,
  "markingColor": undefined,
  "name": "Anode",
  "outgoingEdgePoint": Vector3 {
    "x": 199,
    "y": 102,
    "z": 299,
  },
  "path": "/root/Anode",
  "visible": true,
  "width": 400,
  "x0": 0,
  "y0": 0,
  "z0": 2,
}
`;

exports[`TreeMapHelper build node should set lowest possible height caused by other visible edge pairs 1`] = `
Object {
  "attributes": Object {
    "theHeight": 100,
  },
  "color": "#666666",
  "deltas": undefined,
  "depth": 1,
  "edgeAttributes": undefined,
  "flat": false,
  "height": 100,
  "heightDelta": 0,
  "id": undefined,
  "incomingEdgePoint": Vector3 {
    "x": 199,
    "y": 102,
    "z": 99,
  },
  "isLeaf": true,
  "length": 400,
  "link": undefined,
  "mapNodeDepth": undefined,
  "markingColor": undefined,
  "name": "Anode",
  "outgoingEdgePoint": Vector3 {
    "x": 199,
    "y": 102,
    "z": 299,
  },
  "path": "/root/Anode",
  "visible": true,
  "width": 400,
  "x0": 0,
  "y0": 0,
  "z0": 2,
}
`;
